[2026-09-17T01:57:45Z] === ENRICH ITERATION 1 START | repo=evanw/esbuild sha=6a794dff ===
[2026-09-17T01:57:45Z] [iter=1] PHASE START: enrich repo=evanw/esbuild sha=6a794dff runlog=/home/runner/work/forx/forx/storage/aggregate/lsp/logs/6a794dff-enrich-iter-001.log output=/home/runner/work/forx/forx/storage/aggregate/lsp/6a794dff68e6a43539f6da671e3080efdf11ca70.nq.gz
[2026-09-17T01:57:45Z] [iter=1] Step 1: Loading AST into disk-backed store mem_mb=80 MB
[2026-09-17T01:58:59Z] [iter=1] AST store loaded triples=7364670 load_secs=71 mem_mb=1042 MB
[2026-09-17T01:58:59Z] [iter=1] Step 2: Finding LSP targets mem_mb=1042 MB
[2026-09-17T01:59:05Z] [iter=1] LSP targets found call_sites=45872 imports=0 extends=9 implements=0 secs=6
[2026-09-17T01:59:07Z] [iter=1] Step 2.7: Building position index (one-shot, shared across resolvers) mem_mb=1042 MB
[2026-09-17T01:59:54Z] [iter=1] Position index built positions=497417 nodes_with_types=571188 secs=47 mem_mb=1388 MB
[2026-09-17T01:59:54Z] [iter=1] Step 3: Starting LSP resolution mem_mb=1388 MB already_completed_types=[] already_completed_files=0
[2026-09-17T01:59:54Z] [iter=1] Resolving target type target_type=call_site count=45872
[2026-09-17T02:00:00Z] [iter=1] HEARTBEAT target_type=call_site elapsed_min=2.3 files_done=0 resolved=0 errors=0 current=scripts/decorator-tests.js
[2026-09-17T04:04:24Z] [iter=1] HEARTBEAT target_type=call_site elapsed_min=126.7 files_done=1 resolved=608 errors=2391 current=scripts/end-to-end-tests.js
[2026-09-17T04:46:24Z] [iter=1] HEARTBEAT target_type=call_site elapsed_min=168.6 files_done=2 resolved=1083 errors=3196 current=scripts/uglify-tests.js
[2026-09-17T04:47:51Z] [iter=1] HEARTBEAT target_type=call_site elapsed_min=170.1 files_done=3 resolved=1111 errors=3224 current=scripts/js-api-tests.js
[2026-09-17T05:27:12Z] [iter=1] HEARTBEAT target_type=call_site elapsed_min=209.5 files_done=4 resolved=1305 errors=3979 current=require/yarnpnp/in.mjs
[2026-09-17T05:35:07Z] [iter=1] HEARTBEAT target_type=call_site elapsed_min=217.4 files_done=7 resolved=1386 errors=4131 current=scripts/deno-tests.js
[2026-09-17T05:35:38Z] [iter=1] HEARTBEAT target_type=call_site elapsed_min=217.9 files_done=9 resolved=1407 errors=4141 current=scripts/verify-source-map.js
[2026-09-17T05:38:47Z] [iter=1] HEARTBEAT target_type=call_site elapsed_min=221.0 files_done=10 resolved=1482 errors=4201 current=scripts/terser-tests.js
[2026-09-17T05:40:14Z] [iter=1] HEARTBEAT target_type=call_site elapsed_min=222.5 files_done=11 resolved=1497 errors=4229 current=scripts/test262.js
[2026-09-17T05:41:48Z] [iter=1] HEARTBEAT target_type=call_site elapsed_min=224.1 files_done=12 resolved=1551 errors=4259 current=scripts/destructuring-fuzzer.js
[2026-09-17T05:44:49Z] [iter=1] HEARTBEAT target_type=call_site elapsed_min=227.1 files_done=13 resolved=1595 errors=4317 current=scripts/test-yarnpnp.js
[2026-09-17T05:45:36Z] [iter=1] HEARTBEAT target_type=call_site elapsed_min=227.9 files_done=14 resolved=1600 errors=4332 current=scripts/register-test.js
[2026-09-17T05:46:11Z] [iter=1] HEARTBEAT target_type=call_site elapsed_min=228.4 files_done=15 resolved=1610 errors=4343 current=scripts/ts-type-tests.js
[2026-09-17T05:47:04Z] [iter=1] HEARTBEAT target_type=call_site elapsed_min=229.3 files_done=17 resolved=1655 errors=4360 current=scripts/test262-async.js
[2026-09-17T05:47:54Z] [iter=1] HEARTBEAT target_type=call_site elapsed_min=230.1 files_done=18 resolved=1665 errors=4376 current=scripts/node-unref-tests.js
[2026-09-17T05:48:34Z] [iter=1] HEARTBEAT target_type=call_site elapsed_min=230.8 files_done=20 resolved=1681 errors=4389 current=scripts/gen-unicode-table.js
[2026-09-17T05:57:56Z] [iter=1] CHECKPOINT TRIGGERED elapsed_min=240.2 files_completed=22 new_files_this_iter=22 mem_mb=1433 MB
[2026-09-17T05:57:56Z] [iter=1] Writing partial enrichment graph path=/home/runner/work/forx/forx/storage/aggregate/lsp/6a794dff68e6a43539f6da671e3080efdf11ca70.nq.gz triples=35323
[2026-09-17T05:57:57Z] [iter=1] Checkpoint written, exiting with code 7
[2026-09-17T05:57:57Z] [iter=1] PHASE END: enrich (checkpointed) elapsed_s=14411 elapsed_min=240.2 files_completed=22
